Provider: OpenQuantum
Starting 60-minute stability monitor, submitting every 5 minutes

[2026-08-09T06:24:56.570903+00:00] Run 1: submitting Bell state...

Note: You have selected the Public Plan. Any publications or public work resulting from this job must provide proper attribution to Open Quantum. Citation guidelines can be found at www.openquantum.com/citation.

  Run 1: fidelity=0.9199
[2026-08-09T06:31:56.526998+00:00] Run 2: submitting Bell state...
  Run 2: status=UNKNOWN
[2026-08-09T06:37:26.373254+00:00] Run 3: submitting Bell state...
  Run 3: status=Pending
[2026-08-09T06:44:58.423464+00:00] Run 4: submitting Bell state...
  Run 4: status=Pending
[2026-08-09T06:52:30.583732+00:00] Run 5: submitting Bell state...
  Run 5: status=Pending
[2026-08-09T07:00:02.995572+00:00] Run 6: submitting Bell state...
  Run 6: status=Pending
[2026-08-09T07:07:35.188100+00:00] Run 7: submitting Bell state...
  Run 7: status=Pending
[2026-08-09T07:15:07.702324+00:00] Run 8: submitting Bell state...
  Run 8: status=Pending
[2026-08-09T07:22:39.491509+00:00] Run 9: submitting Bell state...
  Run 9: status=Pending

Monitoring complete. 9 runs logged.
Fidelity range: 0.9199 - 0.9199
Average: 0.9199
