
[WATCHDOG v2.0] Start: 2026-07-31T01:45:36.227583
[WATCHDOG] GPUs: ['0, NVIDIA B200', '1, NVIDIA B200']
[SWARM] Watchdog Swarm Intelligence initialized
[SWARM] GPU0 | Arch: H200 | Idle floor: 80.36W
[SWARM] 5 agents active
[SWARM] NOTE: Simulation-based. Real hardware validation required.
[WATCHDOG] Detection engines: 29 active
[WATCHDOG] Running... Ctrl+C to stop

[WATCHDOG] Starting -- requested 100Hz → b200_watchdog/multigpu_correlation_data_1785462334.jsonl/telemetry_20260731_014536.csv
[WATCHDOG] Actual achieved rate will be measured and reported below, not assumed.
[WATCHDOG] GPUs: ['0, NVIDIA B200', '1, NVIDIA B200']
[SWARM AGENT 4] TENANT_ISOLATION_RISK GPU0 risk=80.0% severity=WARNING vram=1452MB
[WARNING] POWER_PERIODICITY — Periodic power structure: autocorr 0.91 at lag 3 samples, amplitude 773.6W. Cause unconfirmed.
[WARNING] POWER_PERIODICITY — Periodic power structure: autocorr 0.92 at lag 3 samples, amplitude 27.2W. Cause unconfirmed.
[t+60s] GPU0: 971.6W mem=1700MB temp=63C util=100%
[WATCHDOG] Actual achieved rate: 6.268Hz (requested 100Hz) -- min/mean/max interval: 122.207/159.538/1920.554ms
[t+60s] GPU0: 971.8W mem=1700MB temp=63C util=100%
[WATCHDOG] Actual achieved rate: 6.27Hz (requested 100Hz) -- min/mean/max interval: 122.207/159.496/1920.554ms
[t+60s] GPU0: 971.9W mem=1700MB temp=63C util=100%
[WATCHDOG] Actual achieved rate: 6.267Hz (requested 100Hz) -- min/mean/max interval: 122.207/159.561/1920.554ms
[t+60s] GPU0: 971.7W mem=1700MB temp=62C util=100%
[WATCHDOG] Actual achieved rate: 6.268Hz (requested 100Hz) -- min/mean/max interval: 122.207/159.531/1920.554ms
[t+60s] GPU0: 971.5W mem=1700MB temp=63C util=100%
[WATCHDOG] Actual achieved rate: 6.269Hz (requested 100Hz) -- min/mean/max interval: 122.207/159.504/1920.554ms
[t+60s] GPU0: 971.0W mem=1700MB temp=63C util=100%
[WATCHDOG] Actual achieved rate: 6.271Hz (requested 100Hz) -- min/mean/max interval: 122.207/159.462/1920.554ms
[SWARM AGENT 1] GHOST_POWER_PREDICTED GPU0 confidence=100.0% power=764.5W
[WARNING] POWER_PERIODICITY — Periodic power structure: autocorr 0.70 at lag 3 samples, amplitude 708.5W. Cause unconfirmed.
[WATCHDOG] Done. 472 samples → b200_watchdog/multigpu_correlation_data_1785462334.jsonl/telemetry_20260731_014536.csv
[WATCHDOG] Final actual achieved rate: 6.286Hz (requested 100Hz)
Samples: 472 | Alerts: 0 | Remediations: 0
