
[WATCHDOG v2.0] Start: 2026-07-31T01:49:48.096535
[WATCHDOG] GPUs: ['0, NVIDIA B200', '1, NVIDIA B200']
[SWARM] Watchdog Swarm Intelligence initialized
[SWARM] GPU0 | Arch: H200 | Idle floor: 80.36W
[SWARM] 5 agents active
[SWARM] NOTE: Simulation-based. Real hardware validation required.
[WATCHDOG] Detection engines: 29 active
[WATCHDOG] Running... Ctrl+C to stop

[WATCHDOG] Starting -- requested 100Hz → b200_watchdog/sustained_contention_1785462585.jsonl/telemetry_20260731_014948.csv
[WATCHDOG] Actual achieved rate will be measured and reported below, not assumed.
[WATCHDOG] GPUs: ['0, NVIDIA B200', '1, NVIDIA B200']
[SWARM AGENT 4] TENANT_ISOLATION_RISK GPU0 risk=80.0% severity=WARNING vram=1384MB
[WARNING] POWER_PERIODICITY — Periodic power structure: autocorr 0.96 at lag 3 samples, amplitude 661.7W. Cause unconfirmed.
[WARNING] POWER_PERIODICITY — Periodic power structure: autocorr 0.94 at lag 3 samples, amplitude 19.3W. Cause unconfirmed.
[t+60s] GPU0: 858.2W mem=1662MB temp=58C util=100%
[WATCHDOG] Actual achieved rate: 5.837Hz (requested 100Hz) -- min/mean/max interval: 133.703/171.307/2108.126ms
[t+60s] GPU0: 858.2W mem=1662MB temp=58C util=100%
[WATCHDOG] Actual achieved rate: 5.839Hz (requested 100Hz) -- min/mean/max interval: 133.703/171.262/2108.126ms
[t+60s] GPU0: 858.3W mem=1662MB temp=58C util=100%
[WATCHDOG] Actual achieved rate: 5.841Hz (requested 100Hz) -- min/mean/max interval: 133.703/171.208/2108.126ms
[t+60s] GPU0: 858.2W mem=1662MB temp=58C util=100%
[WATCHDOG] Actual achieved rate: 5.843Hz (requested 100Hz) -- min/mean/max interval: 133.703/171.156/2108.126ms
[t+60s] GPU0: 858.2W mem=1662MB temp=58C util=100%
[WATCHDOG] Actual achieved rate: 5.844Hz (requested 100Hz) -- min/mean/max interval: 133.703/171.113/2108.126ms
[t+60s] GPU0: 858.1W mem=1662MB temp=58C util=100%
[WATCHDOG] Actual achieved rate: 5.846Hz (requested 100Hz) -- min/mean/max interval: 133.703/171.068/2108.126ms
[WARNING] POWER_PERIODICITY — Periodic power structure: autocorr 0.93 at lag 3 samples, amplitude 5.1W. Cause unconfirmed.
[WARNING] POWER_PERIODICITY — Periodic power structure: autocorr 0.95 at lag 3 samples, amplitude 5.1W. Cause unconfirmed.
[WARNING] POWER_PERIODICITY — Periodic power structure: autocorr 0.90 at lag 3 samples, amplitude 5.0W. Cause unconfirmed.
[WARNING] POWER_PERIODICITY — Periodic power structure: autocorr 0.96 at lag 3 samples, amplitude 5.0W. Cause unconfirmed.
[t+120s] GPU0: 862.1W mem=1662MB temp=60C util=100%
[WATCHDOG] Actual achieved rate: 6.119Hz (requested 100Hz) -- min/mean/max interval: 130.105/163.418/2108.126ms
[t+120s] GPU0: 862.3W mem=1662MB temp=60C util=100%
[WATCHDOG] Actual achieved rate: 6.112Hz (requested 100Hz) -- min/mean/max interval: 130.105/163.615/2108.126ms
[t+120s] GPU0: 862.5W mem=1662MB temp=60C util=100%
[WATCHDOG] Actual achieved rate: 6.109Hz (requested 100Hz) -- min/mean/max interval: 130.105/163.69/2108.126ms
[t+120s] GPU0: 862.4W mem=1662MB temp=60C util=100%
[WATCHDOG] Actual achieved rate: 6.11Hz (requested 100Hz) -- min/mean/max interval: 130.105/163.668/2108.126ms
[t+120s] GPU0: 862.5W mem=1662MB temp=60C util=100%
[WATCHDOG] Actual achieved rate: 6.11Hz (requested 100Hz) -- min/mean/max interval: 130.105/163.663/2108.126ms
[t+180s] GPU0: 865.5W mem=1662MB temp=61C util=100%
[WATCHDOG] Actual achieved rate: 6.323Hz (requested 100Hz) -- min/mean/max interval: 130.105/158.142/681.71ms
[t+180s] GPU0: 865.5W mem=1662MB temp=61C util=100%
[WATCHDOG] Actual achieved rate: 6.324Hz (requested 100Hz) -- min/mean/max interval: 130.105/158.131/681.71ms
[t+180s] GPU0: 865.2W mem=1662MB temp=61C util=100%
[WATCHDOG] Actual achieved rate: 6.324Hz (requested 100Hz) -- min/mean/max interval: 130.105/158.125/681.71ms
[t+180s] GPU0: 865.3W mem=1662MB temp=61C util=100%
[WATCHDOG] Actual achieved rate: 6.315Hz (requested 100Hz) -- min/mean/max interval: 130.105/158.363/681.71ms
[t+180s] GPU0: 865.1W mem=1662MB temp=61C util=100%
[WATCHDOG] Actual achieved rate: 6.315Hz (requested 100Hz) -- min/mean/max interval: 130.105/158.365/681.71ms
[t+180s] GPU0: 865.1W mem=1662MB temp=61C util=100%
[WATCHDOG] Actual achieved rate: 6.314Hz (requested 100Hz) -- min/mean/max interval: 130.105/158.374/681.71ms
[t+240s] GPU0: 865.6W mem=1662MB temp=61C util=100%
[WATCHDOG] Actual achieved rate: 6.452Hz (requested 100Hz) -- min/mean/max interval: 130.745/155.001/600.25ms
[t+240s] GPU0: 865.6W mem=1662MB temp=61C util=100%
[WATCHDOG] Actual achieved rate: 6.452Hz (requested 100Hz) -- min/mean/max interval: 130.745/154.999/600.25ms
[t+240s] GPU0: 865.6W mem=1662MB temp=61C util=100%
[WATCHDOG] Actual achieved rate: 6.453Hz (requested 100Hz) -- min/mean/max interval: 130.745/154.969/600.25ms
[t+240s] GPU0: 865.7W mem=1662MB temp=61C util=100%
[WATCHDOG] Actual achieved rate: 6.453Hz (requested 100Hz) -- min/mean/max interval: 130.745/154.976/600.25ms
[t+240s] GPU0: 865.5W mem=1662MB temp=61C util=100%
[WATCHDOG] Actual achieved rate: 6.453Hz (requested 100Hz) -- min/mean/max interval: 130.745/154.976/600.25ms
[t+240s] GPU0: 865.5W mem=1662MB temp=61C util=100%
[WATCHDOG] Actual achieved rate: 6.452Hz (requested 100Hz) -- min/mean/max interval: 130.745/154.983/600.25ms
[t+240s] GPU0: 865.3W mem=1662MB temp=61C util=100%
[WATCHDOG] Actual achieved rate: 6.452Hz (requested 100Hz) -- min/mean/max interval: 130.745/154.998/600.25ms
[t+300s] GPU0: 867.2W mem=1662MB temp=61C util=100%
[WATCHDOG] Actual achieved rate: 6.456Hz (requested 100Hz) -- min/mean/max interval: 130.745/154.901/541.555ms
[t+300s] GPU0: 867.1W mem=1662MB temp=61C util=100%
[WATCHDOG] Actual achieved rate: 6.456Hz (requested 100Hz) -- min/mean/max interval: 130.745/154.904/541.555ms
[t+300s] GPU0: 867.1W mem=1662MB temp=61C util=100%
[WATCHDOG] Actual achieved rate: 6.456Hz (requested 100Hz) -- min/mean/max interval: 130.745/154.905/541.555ms
[t+300s] GPU0: 867.5W mem=1662MB temp=61C util=100%
[WATCHDOG] Actual achieved rate: 6.455Hz (requested 100Hz) -- min/mean/max interval: 130.745/154.913/541.555ms
[t+300s] GPU0: 867.1W mem=1662MB temp=61C util=100%
[WATCHDOG] Actual achieved rate: 6.452Hz (requested 100Hz) -- min/mean/max interval: 130.745/154.996/541.555ms
[t+300s] GPU0: 866.8W mem=1662MB temp=61C util=100%
[WATCHDOG] Actual achieved rate: 6.452Hz (requested 100Hz) -- min/mean/max interval: 130.745/155.001/541.555ms
[t+360s] GPU0: 865.5W mem=1662MB temp=61C util=100%
[WATCHDOG] Actual achieved rate: 6.455Hz (requested 100Hz) -- min/mean/max interval: 127.749/154.92/407.92ms
[t+360s] GPU0: 865.5W mem=1662MB temp=61C util=100%
[WATCHDOG] Actual achieved rate: 6.455Hz (requested 100Hz) -- min/mean/max interval: 127.749/154.919/407.92ms
[t+360s] GPU0: 865.4W mem=1662MB temp=61C util=100%
[WATCHDOG] Actual achieved rate: 6.455Hz (requested 100Hz) -- min/mean/max interval: 127.749/154.922/407.92ms
[t+360s] GPU0: 865.5W mem=1662MB temp=61C util=100%
[WATCHDOG] Actual achieved rate: 6.454Hz (requested 100Hz) -- min/mean/max interval: 127.749/154.933/407.92ms
[t+360s] GPU0: 865.5W mem=1662MB temp=61C util=100%
[WATCHDOG] Actual achieved rate: 6.454Hz (requested 100Hz) -- min/mean/max interval: 127.749/154.935/407.92ms
[t+360s] GPU0: 865.4W mem=1662MB temp=61C util=100%
[WATCHDOG] Actual achieved rate: 6.454Hz (requested 100Hz) -- min/mean/max interval: 127.749/154.944/407.92ms
[t+360s] GPU0: 865.5W mem=1662MB temp=61C util=100%
[WATCHDOG] Actual achieved rate: 6.453Hz (requested 100Hz) -- min/mean/max interval: 127.749/154.956/407.92ms
[t+420s] GPU0: 865.5W mem=1662MB temp=60C util=100%
[WATCHDOG] Actual achieved rate: 6.458Hz (requested 100Hz) -- min/mean/max interval: 127.749/154.855/467.299ms
[t+420s] GPU0: 865.5W mem=1662MB temp=60C util=100%
[WATCHDOG] Actual achieved rate: 6.458Hz (requested 100Hz) -- min/mean/max interval: 127.749/154.853/467.299ms
[t+420s] GPU0: 865.5W mem=1662MB temp=60C util=100%
[WATCHDOG] Actual achieved rate: 6.459Hz (requested 100Hz) -- min/mean/max interval: 127.749/154.828/467.299ms
[t+420s] GPU0: 865.5W mem=1662MB temp=60C util=100%
[WATCHDOG] Actual achieved rate: 6.459Hz (requested 100Hz) -- min/mean/max interval: 127.749/154.822/467.299ms
[t+420s] GPU0: 865.6W mem=1662MB temp=60C util=100%
[WATCHDOG] Actual achieved rate: 6.459Hz (requested 100Hz) -- min/mean/max interval: 127.749/154.833/467.299ms
[t+420s] GPU0: 865.4W mem=1662MB temp=60C util=100%
[WATCHDOG] Actual achieved rate: 6.459Hz (requested 100Hz) -- min/mean/max interval: 127.749/154.834/467.299ms
[t+420s] GPU0: 865.6W mem=1662MB temp=60C util=100%
[WATCHDOG] Actual achieved rate: 6.464Hz (requested 100Hz) -- min/mean/max interval: 127.749/154.703/467.299ms
[WARNING] POWER_PERIODICITY — Periodic power structure: autocorr 0.94 at lag 3 samples, amplitude 5.4W. Cause unconfirmed.
[t+480s] GPU0: 865.9W mem=1662MB temp=61C util=100%
[WATCHDOG] Actual achieved rate: 6.415Hz (requested 100Hz) -- min/mean/max interval: 127.749/155.896/631.502ms
[t+480s] GPU0: 866.2W mem=1662MB temp=61C util=100%
[WATCHDOG] Actual achieved rate: 6.414Hz (requested 100Hz) -- min/mean/max interval: 127.749/155.905/631.502ms
[t+480s] GPU0: 866.0W mem=1662MB temp=61C util=100%
[WATCHDOG] Actual achieved rate: 6.414Hz (requested 100Hz) -- min/mean/max interval: 127.749/155.915/631.502ms
[t+480s] GPU0: 866.0W mem=1662MB temp=61C util=100%
[WATCHDOG] Actual achieved rate: 6.413Hz (requested 100Hz) -- min/mean/max interval: 127.749/155.927/631.502ms
[t+480s] GPU0: 866.1W mem=1662MB temp=61C util=100%
[WATCHDOG] Actual achieved rate: 6.413Hz (requested 100Hz) -- min/mean/max interval: 127.749/155.935/631.502ms
[t+480s] GPU0: 865.9W mem=1662MB temp=61C util=100%
[WATCHDOG] Actual achieved rate: 6.413Hz (requested 100Hz) -- min/mean/max interval: 127.749/155.935/631.502ms
[t+480s] GPU0: 865.8W mem=1662MB temp=61C util=100%
[WATCHDOG] Actual achieved rate: 6.413Hz (requested 100Hz) -- min/mean/max interval: 127.749/155.926/631.502ms
[t+540s] GPU0: 863.3W mem=1662MB temp=60C util=100%
[WATCHDOG] Actual achieved rate: 6.41Hz (requested 100Hz) -- min/mean/max interval: 130.599/155.999/631.502ms
[t+540s] GPU0: 863.1W mem=1662MB temp=60C util=100%
[WATCHDOG] Actual achieved rate: 6.396Hz (requested 100Hz) -- min/mean/max interval: 130.599/156.351/631.502ms
[t+540s] GPU0: 863.1W mem=1662MB temp=60C util=100%
[WATCHDOG] Actual achieved rate: 6.395Hz (requested 100Hz) -- min/mean/max interval: 130.599/156.368/631.502ms
[t+540s] GPU0: 863.3W mem=1662MB temp=60C util=100%
[WATCHDOG] Actual achieved rate: 6.395Hz (requested 100Hz) -- min/mean/max interval: 130.599/156.377/631.502ms
[t+540s] GPU0: 863.3W mem=1662MB temp=60C util=100%
[WATCHDOG] Actual achieved rate: 6.399Hz (requested 100Hz) -- min/mean/max interval: 130.599/156.265/631.502ms
[WARNING] POWER_PERIODICITY — Periodic power structure: autocorr 0.96 at lag 3 samples, amplitude 5.3W. Cause unconfirmed.
[t+600s] GPU0: 864.5W mem=1662MB temp=60C util=100%
[WATCHDOG] Actual achieved rate: 6.377Hz (requested 100Hz) -- min/mean/max interval: 130.599/156.815/965.288ms
[t+600s] GPU0: 864.6W mem=1662MB temp=60C util=100%
[WATCHDOG] Actual achieved rate: 6.377Hz (requested 100Hz) -- min/mean/max interval: 130.599/156.811/965.288ms
[t+600s] GPU0: 864.6W mem=1662MB temp=60C util=100%
[WATCHDOG] Actual achieved rate: 6.38Hz (requested 100Hz) -- min/mean/max interval: 130.599/156.751/965.288ms
[t+600s] GPU0: 864.7W mem=1662MB temp=60C util=100%
[WATCHDOG] Actual achieved rate: 6.378Hz (requested 100Hz) -- min/mean/max interval: 130.599/156.792/965.288ms
[SWARM AGENT 1] GHOST_POWER_PREDICTED GPU0 confidence=100.0% power=714.4W
[CRITICAL] GHOST_POWER — Ghost power 341.6W above 193.6W idle floor at 0% utilization
[WARNING] POWER_PERIODICITY — Periodic power structure: autocorr 0.69 at lag 3 samples, amplitude 602.9W. Cause unconfirmed.
[SWARM AGENT 4] TENANT_ISOLATION_RISK GPU0 risk=80.0% severity=WARNING vram=2288MB
[CRITICAL] GHOST_POWER — Ghost power 64.0W above 193.6W idle floor at 0% utilization
[WATCHDOG] Done. 3968 samples → b200_watchdog/sustained_contention_1785462585.jsonl/telemetry_20260731_014948.csv
[WATCHDOG] Final actual achieved rate: 6.117Hz (requested 100Hz)
Samples: 3968 | Alerts: 0 | Remediations: 0
